[    0.000000] Booting Linux on physical CPU 0x0000000000 [0x414fd0b1]
[    0.000000] Linux version 6.6.63-v8-16k (oe-user@oe-host) (aarch64-poky-linux-gcc (GCC) 13.4.0, GNU ld (GNU Binutils) 2.42.0.20240723) #1 SMP PREEMPT Fri Dec  6 10:10:05 UTC 2024
[    0.000000] KASLR enabled
[    0.000000] random: crng init done
[    0.000000] Machine model: Raspberry Pi 5 Model B Rev 1.0
[    0.000000] efi: UEFI not found.
[    0.000000] Reserved memory: created CMA memory pool at 0x0000000002000000, size 64 MiB
[    0.000000] OF: reserved mem: initialized node linux,cma, compatible id shared-dma-pool
[    0.000000] OF: reserved mem: 0x0000000002000000..0x0000000005ffffff (65536 KiB) map reusable linux,cma
[    0.000000] OF: reserved mem: 0x0000000000000000..0x000000000007ffff (512 KiB) nomap non-reusable atf@0
[    0.000000] OF: reserved mem: 0x000000003fd23ac0..0x000000003fd23ad0 (0 KiB) nomap non-reusable nvram@0
[    0.000000] NUMA: No NUMA configuration found
[    0.000000] Faking a node at [mem 0x0000000000000000-0x000000003fffffff]
[    0.000000] Faking a node at [mem 0x0000000040000000-0x000000007fffffff]
[    0.000000] Faking a node at [mem 0x0000000080000000-0x00000000bfffffff]
[    0.000000] Faking a node at [mem 0x00000000c0000000-0x00000000ffffffff]
[    0.000000] Faking a node at [mem 0x0000000100000000-0x000000013fffffff]
[    0.000000] Faking a node at [mem 0x0000000140000000-0x000000017fffffff]
[    0.000000] Faking a node at [mem 0x0000000180000000-0x00000001bfffffff]
[    0.000000] Faking a node at [mem 0x00000001c0000000-0x00000001ffffffff]
[    0.000000] NUMA: NODE_DATA [mem 0x3fbfd2c0-0x3fbfffff]
[    0.000000] NUMA: NODE_DATA [mem 0x7fffd2c0-0x7fffffff]
[    0.000000] NUMA: NODE_DATA [mem 0xbfffd2c0-0xbfffffff]
[    0.000000] NUMA: NODE_DATA [mem 0xffffd2c0-0xffffffff]
[    0.000000] NUMA: NODE_DATA [mem 0x13fffd2c0-0x13fffffff]
[    0.000000] NUMA: NODE_DATA [mem 0x17fffd2c0-0x17fffffff]
[    0.000000] NUMA: NODE_DATA [mem 0x1bfffd2c0-0x1bfffffff]
[    0.000000] NUMA: NODE_DATA [mem 0x1ffb852c0-0x1ffb87fff]
[    0.000000] Zone ranges:
[    0.000000]   DMA      [mem 0x0000000000000000-0x00000000ffffffff]
[    0.000000]   DMA32    empty
[    0.000000]   Normal   [mem 0x0000000100000000-0x00000001ffffffff]
[    0.000000] Movable zone start for each node
[    0.000000] Early memory node ranges
[    0.000000]   node   0: [mem 0x0000000000000000-0x000000000007ffff]
[    0.000000]   node   0: [mem 0x0000000000080000-0x000000003fbfffff]
[    0.000000]   node   1: [mem 0x0000000040000000-0x000000007fffffff]
[    0.000000]   node   2: [mem 0x0000000080000000-0x00000000bfffffff]
[    0.000000]   node   3: [mem 0x00000000c0000000-0x00000000ffffffff]
[    0.000000]   node   4: [mem 0x0000000100000000-0x000000013fffffff]
[    0.000000]   node   5: [mem 0x0000000140000000-0x000000017fffffff]
[    0.000000]   node   6: [mem 0x0000000180000000-0x00000001bfffffff]
[    0.000000]   node   7: [mem 0x00000001c0000000-0x00000001ffffffff]
[    0.000000] Initmem setup node 0 [mem 0x0000000000000000-0x000000003fbfffff]
[    0.000000] Initmem setup node 1 [mem 0x0000000040000000-0x000000007fffffff]
[    0.000000] Initmem setup node 2 [mem 0x0000000080000000-0x00000000bfffffff]
[    0.000000] Initmem setup node 3 [mem 0x00000000c0000000-0x00000000ffffffff]
[    0.000000] Initmem setup node 4 [mem 0x0000000100000000-0x000000013fffffff]
[    0.000000] Initmem setup node 5 [mem 0x0000000140000000-0x000000017fffffff]
[    0.000000] Initmem setup node 6 [mem 0x0000000180000000-0x00000001bfffffff]
[    0.000000] Initmem setup node 7 [mem 0x00000001c0000000-0x00000001ffffffff]
[    0.000000] On node 1, zone DMA: 256 pages in unavailable ranges
[    0.000000] psci: probing for conduit method from DT.
[    0.000000] psci: PSCIv1.1 detected in firmware.
[    0.000000] psci: Using standard PSCI v0.2 function IDs
[    0.000000] psci: MIGRATE_INFO_TYPE not supported.
[    0.000000] psci: SMC Calling Convention v1.2
[    0.000000] percpu: Embedded 14 pages/cpu s185192 r8192 d35992 u229376
[    0.000000] pcpu-alloc: s185192 r8192 d35992 u229376 alloc=14*16384
[    0.000000] pcpu-alloc: [0] 0 [0] 1 [0] 2 [0] 3 
[    0.000000] Detected PIPT I-cache on CPU0
[    0.000000] CPU features: detected: Virtualization Host Extensions
[    0.000000] CPU features: detected: Hardware dirty bit management
[    0.000000] CPU features: detected: Spectre-v4
[    0.000000] CPU features: detected: Spectre-BHB
[    0.000000] CPU features: kernel page table isolation forced ON by KASLR
[    0.000000] CPU features: detected: Kernel page table isolation (KPTI)
[    0.000000] CPU features: detected: SSBS not fully self-synchronizing
[    0.000000] alternatives: applying boot alternatives
[    0.000000] Kernel command line: reboot=w coherent_pool=1M 8250.nr_uarts=1 pci=pcie_bus_safe cgroup_disable=memory numa_policy=interleave  numa=fake=8 system_heap.max_order=0 iommu_dma_numa_policy=interleave smsc95xx.macaddr=D8:3A:DD:E6:3E:9A vc_mem.mem_base=0x3fc00000 vc_mem.mem_size=0x40000000  dwc_otg.lpm_enable=0 root=/dev/nvme0n1p2 rootfstype=ext4 rootwait  net.ifnames=0 reboot=cold
[    0.000000] cgroup: Disabling memory control group subsystem
[    0.000000] mempolicy: NUMA default policy overridden to 'interleave:0-7'
[    0.000000] Unknown kernel command line parameters "iommu_dma_numa_policy=interleave", will be passed to user space.
[    0.000000] Fallback order for Node 0: 0 1 2 3 4 5 6 7 
[    0.000000] Fallback order for Node 1: 1 2 3 4 5 6 7 0 
[    0.000000] Fallback order for Node 2: 2 3 4 5 6 7 0 1 
[    0.000000] Fallback order for Node 3: 3 4 5 6 7 0 1 2 
[    0.000000] Fallback order for Node 4: 4 5 6 7 0 1 2 3 
[    0.000000] Fallback order for Node 5: 5 6 7 0 1 2 3 4 
[    0.000000] Fallback order for Node 6: 6 7 0 1 2 3 4 5 
[    0.000000] Fallback order for Node 7: 7 0 1 2 3 4 5 6 
[    0.000000] Built 8 zonelists, mobility grouping on.  Total pages: 521985
[    0.000000] Policy zone: Normal
[    0.000000] mem auto-init: stack:all(zero), heap alloc:off, heap free:off
[    0.000000] software IO TLB: area num 4.
[    0.000000] software IO TLB: mapped [mem 0x00000000fbffc000-0x00000000ffffc000] (64MB)
[    0.000000] Memory: 8185296K/8384512K available (14528K kernel code, 2270K rwdata, 4736K rodata, 5376K init, 1228K bss, 133680K reserved, 65536K cma-reserved)
[    0.000000] SLUB: HWalign=64, Order=0-3, MinObjects=0, CPUs=4, Nodes=8
[    0.000000] ftrace: allocating 46951 entries in 46 pages
[    0.000000] ftrace: allocated 46 pages with 4 groups
[    0.000000] trace event string verifier disabled
[    0.000000] rcu: Preemptible hierarchical RCU implementation.
[    0.000000] rcu: 	RCU event tracing is enabled.
[    0.000000] rcu: 	RCU restricting CPUs from NR_CPUS=256 to nr_cpu_ids=4.
[    0.000000] 	Trampoline variant of Tasks RCU enabled.
[    0.000000] 	Rude variant of Tasks RCU enabled.
[    0.000000] 	Tracing variant of Tasks RCU enabled.
[    0.000000] rcu: RCU calculated value of scheduler-enlistment delay is 25 jiffies.
[    0.000000] rcu: Adjusting geometry for rcu_fanout_leaf=16, nr_cpu_ids=4
[    0.000000] NR_IRQS: 64, nr_irqs: 64, preallocated irqs: 0
[    0.000000] Root IRQ handler: gic_handle_irq
[    0.000000] GIC: Using split EOI/Deactivate mode
[    0.000000] rcu: srcu_init: Setting srcu_struct sizes based on contention.
[    0.000000] arch_timer: cp15 timer(s) running at 54.00MHz (phys).
[    0.000000] clocksource: arch_sys_counter: mask: 0xffffffffffffff max_cycles: 0xc743ce346, max_idle_ns: 440795203123 ns
[    0.000000] sched_clock: 56 bits at 54MHz, resolution 18ns, wraps every 4398046511102ns
[    0.000130] Console: colour dummy device 80x25
[    0.000133] printk: console [tty0] enabled
[    0.000340] Calibrating delay loop (skipped), value calculated using timer frequency.. 108.00 BogoMIPS (lpj=216000)
[    0.000345] pid_max: default: 32768 minimum: 301
[    0.000436] LSM: initializing lsm=capability,integrity
[    0.001904] Dentry cache hash table entries: 1048576 (order: 9, 8388608 bytes, vmalloc)
[    0.002638] Inode-cache hash table entries: 524288 (order: 8, 4194304 bytes, vmalloc)
[    0.002677] Mount-cache hash table entries: 16384 (order: 3, 131072 bytes, vmalloc)
[    0.002698] Mountpoint-cache hash table entries: 16384 (order: 3, 131072 bytes, vmalloc)
[    0.003306] RCU Tasks: Setting shift to 2 and lim to 1 rcu_task_cb_adjust=1 rcu_task_cpu_ids=4.
[    0.003334] RCU Tasks Rude: Setting shift to 2 and lim to 1 rcu_task_cb_adjust=1 rcu_task_cpu_ids=4.
[    0.003347] RCU Tasks Trace: Setting shift to 2 and lim to 1 rcu_task_cb_adjust=1 rcu_task_cpu_ids=4.
[    0.003391] rcu: Hierarchical SRCU implementation.
[    0.003394] rcu: 	Max phase no-delay instances is 1000.
[    0.003791] EFI services will not be available.
[    0.003858] smp: Bringing up secondary CPUs ...
[    0.004024] Detected PIPT I-cache on CPU1
[    0.004058] CPU1: Booted secondary processor 0x0000000100 [0x414fd0b1]
[    0.004205] Detected PIPT I-cache on CPU2
[    0.004227] CPU2: Booted secondary processor 0x0000000200 [0x414fd0b1]
[    0.004348] Detected PIPT I-cache on CPU3
[    0.004367] CPU3: Booted secondary processor 0x0000000300 [0x414fd0b1]
[    0.004390] smp: Brought up 8 nodes, 4 CPUs
[    0.004404] SMP: Total of 4 processors activated.
[    0.004408] CPU features: detected: 32-bit EL0 Support
[    0.004410] CPU features: detected: Data cache clean to the PoU not required for I/D coherence
[    0.004414] CPU features: detected: Common not Private translations
[    0.004416] CPU features: detected: CRC32 instructions
[    0.004419] CPU features: detected: RCpc load-acquire (LDAPR)
[    0.004421] CPU features: detected: LSE atomic instructions
[    0.004424] CPU features: detected: Privileged Access Never
[    0.004426] CPU features: detected: RAS Extension Support
[    0.004429] CPU features: detected: Speculative Store Bypassing Safe (SSBS)
[    0.004458] CPU: All CPU(s) started at EL2
[    0.004461] alternatives: applying system-wide alternatives
[    0.006047] devtmpfs: initialized
[    0.007993] Enabled cp15_barrier support
[    0.008019] Enabled setend support
[    0.008091] clocksource: jiffies: mask: 0xffffffff max_cycles: 0xffffffff, max_idle_ns: 7645041785100000 ns
[    0.008098] futex hash table entries: 1024 (order: 2, 65536 bytes, vmalloc)
[    0.008277] pinctrl core: initialized pinctrl subsystem
[    0.008368] DMI not present or invalid.
[    0.008496] NET: Registered PF_NETLINK/PF_ROUTE protocol family
[    0.008882] DMA: preallocated 1024 KiB GFP_KERNEL pool for atomic allocations
[    0.008913] DMA: preallocated 1024 KiB GFP_KERNEL|GFP_DMA pool for atomic allocations
[    0.008944] DMA: preallocated 1024 KiB GFP_KERNEL|GFP_DMA32 pool for atomic allocations
[    0.008970] audit: initializing netlink subsys (disabled)
[    0.009007] audit: type=2000 audit(0.008:1): state=initialized audit_enabled=0 res=1
[    0.009109] thermal_sys: Registered thermal governor 'step_wise'
[    0.009118] cpuidle: using governor menu
[    0.009181] hw-breakpoint: found 6 breakpoint and 4 watchpoint registers.
[    0.009201] ASID allocator initialised with 32768 entries
[    0.009407] Serial: AMBA PL011 UART driver
[    0.010026] bcm2835-mbox 107c013880.mailbox: mailbox enabled
[    0.010271] 107d001000.serial: ttyAMA10 at MMIO 0x107d001000 (irq = 15, base_baud = 0) is a PL011 rev2
[    0.010283] printk: console [ttyAMA10] enabled
[    1.017676] raspberrypi-firmware soc:firmware: Attached to firmware from 2026-05-26T15:01:25, variant start_cd
[    1.031722] raspberrypi-firmware soc:firmware: Firmware hash is 086b83e300000000000000000000000000000000
[    1.046899] Modules: 2G module region forced by RANDOMIZE_MODULE_REGION_FULL
[    1.053980] Modules: 0 pages in range for non-PLT usage
[    1.053981] Modules: 129292 pages in range for PLT usage
[    1.063698] bcm2835-dma 1000010000.dma: DMA legacy API manager, dmachans=0x1
[    1.076350] iommu: Default domain type: Translated
[    1.081164] iommu: DMA domain TLB invalidation policy: strict mode
[    1.087591] SCSI subsystem initialized
[    1.091384] usbcore: registered new interface driver usbfs
[    1.096894] usbcore: registered new interface driver hub
[    1.102228] usbcore: registered new device driver usb
[    1.107361] pps_core: LinuxPPS API ver. 1 registered
[    1.112341] pps_core: Software ver. 5.3.6 - Copyright 2005-2007 Rodolfo Giometti <giometti@linux.it>
[    1.121513] PTP clock support registered
[    1.125475] Advanced Linux Sound Architecture Driver Initialized.
[    1.131756] vgaarb: loaded
[    1.134550] clocksource: Switched to clocksource arch_sys_counter
[    1.247911] VFS: Disk quotas dquot_6.6.0
[    1.251855] VFS: Dquot-cache hash table entries: 2048 (order 0, 16384 bytes)
[    1.258958] FS-Cache: Loaded
[    1.261881] CacheFiles: Loaded
[    1.265834] NET: Registered PF_INET protocol family
[    1.270898] IP idents hash table entries: 131072 (order: 6, 1048576 bytes, vmalloc)
[    1.280110] tcp_listen_portaddr_hash hash table entries: 4096 (order: 2, 65536 bytes, vmalloc)
[    1.288791] Table-perturb hash table entries: 65536 (order: 4, 262144 bytes, vmalloc)
[    1.296660] TCP established hash table entries: 65536 (order: 5, 524288 bytes, vmalloc)
[    1.304873] TCP bind hash table entries: 65536 (order: 7, 2097152 bytes, vmalloc)
[    1.313053] TCP: Hash tables configured (established 65536 bind 65536)
[    1.319702] MPTCP token hash table entries: 8192 (order: 3, 196608 bytes, vmalloc)
[    1.327347] UDP hash table entries: 4096 (order: 3, 131072 bytes, vmalloc)
[    1.334312] UDP-Lite hash table entries: 4096 (order: 3, 131072 bytes, vmalloc)
[    1.341744] NET: Registered PF_UNIX/PF_LOCAL protocol family
[    1.347511] RPC: Registered named UNIX socket transport module.
[    1.353453] RPC: Registered udp transport module.
[    1.358170] RPC: Registered tcp transport module.
[    1.362888] RPC: Registered tcp-with-tls transport module.
[    1.368390] RPC: Registered tcp NFSv4.1 backchannel transport module.
[    1.374859] PCI: CLS 0 bytes, default 64
[    1.378906] kvm [1]: IPA Size Limit: 40 bits
[    1.383198] kvm [1]: GICV region size/alignment is unsafe, using trapping (reduced performance)
[    1.391945] kvm [1]: vgic interrupt IRQ9
[    1.395886] kvm [1]: VHE mode initialized successfully
[    1.401309] Initialise system trusted keyrings
[    1.405878] workingset: timestamp_bits=42 max_order=19 bucket_order=0
[    1.412356] zbud: loaded
[    1.415081] NFS: Registering the id_resolver key type
[    1.420155] Key type id_resolver registered
[    1.424350] Key type id_legacy registered
[    1.428378] nfs4filelayout_init: NFSv4 File Layout Driver Registering...
[    1.435104] nfs4flexfilelayout_init: NFSv4 Flexfile Layout Driver Registering...
[    1.442556] F2FS not supported on PAGE_SIZE(16384) != 4096
[    1.448098] Key type asymmetric registered
[    1.452214] Asymmetric key parser 'x509' registered
[    1.457116] Block layer SCSI generic (bsg) driver version 0.4 loaded (major 246)
[    1.464563] io scheduler mq-deadline registered
[    1.469108] io scheduler kyber registered
[    1.473147] io scheduler bfq registered
[    1.477160] irq_brcmstb_l2: registered L2 intc (/soc/interrupt-controller@7c502000, parent irq: 26)
[    1.486288] irq_brcmstb_l2: registered L2 intc (/soc/intc@7d503000, parent irq: 27)
[    1.494007] irq_brcmstb_l2: registered L2 intc (/soc/intc@7d508380, parent irq: 28)
[    1.501720] irq_brcmstb_l2: registered L2 intc (/soc/intc@7d508400, parent irq: 29)
[    1.509437] irq_brcmstb_l2: registered L2 intc (/soc/interrupt-controller@7d510600, parent irq: 30)
[    1.518552] irq_brcmstb_l2: registered L2 intc (/soc/intc@7d517b00, parent irq: 31)
[    1.555025] Serial: 8250/16550 driver, 1 ports, IRQ sharing enabled
[    1.561600] 107d50c000.serial: ttyS0 at MMIO 0x107d50c000 (irq = 33, base_baud = 6000000) is a Broadcom BCM7271 UART
[    1.572206] serial serial0: tty port ttyS0 registered
[    1.577484] iproc-rng200 107d208000.rng: hwrng registered
[    1.582941] vc-mem: phys_addr:0x00000000 mem_base=0x3fc00000 mem_size:0x40000000(1024 MiB)
[    1.591395] bcm2712-iommu-cache 1000005b00.iommuc: bcm2712_iommu_cache_probe
[    1.600108] brd: module loaded
[    1.604077] loop: module loaded
[    1.607319] bcm2835-power bcm2835-power: Broadcom BCM2835 power domains driver
[    1.614670] Loading iSCSI transport class v2.0-870.
[    1.620153] usbcore: registered new device driver r8152-cfgselector
[    1.626456] usbcore: registered new interface driver r8152
[    1.631965] usbcore: registered new interface driver lan78xx
[    1.637645] usbcore: registered new interface driver smsc95xx
[    1.643447] dwc_otg: version 3.00a 10-AUG-2012 (platform bus)
[    1.649226] dwc_otg: FIQ enabled
[    1.649227] dwc_otg: NAK holdoff enabled
[    1.649228] dwc_otg: FIQ split-transaction FSM enabled
[    1.649230] Module dwc_common_port init
[    1.649312] usbcore: registered new interface driver uas
[    1.654646] usbcore: registered new interface driver usb-storage
[    1.660747] mousedev: PS/2 mouse device common for all mice
[    1.673599] rpi-rtc soc:rpi_rtc: registered as rtc0
[    1.679824] rpi-rtc soc:rpi_rtc: setting system clock to 2026-06-20T22:46:49 UTC (1781995609)
[    1.688492] brcmstb-i2c 107d508200.i2c:  @97500hz registered in interrupt mode
[    1.695789] brcmstb-i2c 107d508280.i2c:  @97500hz registered in interrupt mode
[    1.703277] bcm2835-wdt bcm2835-wdt: Poweroff handler already present!
[    1.709831] bcm2835-wdt bcm2835-wdt: Broadcom BCM2835 watchdog timer
[    1.718117] sdhci: Secure Digital Host Controller Interface driver
[    1.724322] sdhci: Copyright(c) Pierre Ossman
[    1.728718] sdhci-pltfm: SDHCI platform and OF driver helper
[    1.734550] ledtrig-cpu: registered to indicate activity on CPUs
[    1.740610] SMCCC: SOC_ID: ARCH_SOC_ID not implemented, skipping ....
[    1.747091] hid: raw HID events driver (C) Jiri Kosina
[    1.752259] usbcore: registered new interface driver usbhid
[    1.757852] usbhid: USB HID core driver
[    1.761917] hw perfevents: enabled with armv8_cortex_a76 PMU driver, 7 counters available
[    1.770448] NET: Registered PF_PACKET protocol family
[    1.775540] Key type dns_resolver registered
[    1.783227] registered taskstats version 1
[    1.787394] Loading compiled-in X.509 certificates
[    1.793587] Key type .fscrypt registered
[    1.797523] Key type fscrypt-provisioning registered
[    1.803391] brcm-pcie 1000110000.pcie: host bridge /axi/pcie@110000 ranges:
[    1.810393] brcm-pcie 1000110000.pcie:   No bus range found for /axi/pcie@110000, using [bus 00-ff]
[    1.819492] brcm-pcie 1000110000.pcie:      MEM 0x1b80000000..0x1bffffffff -> 0x0080000000
[    1.827842] brcm-pcie 1000110000.pcie:      MEM 0x1800000000..0x1b7fffffff -> 0x0400000000
[    1.836142] brcm-pcie 1000110000.pcie:   IB MEM 0x0000000000..0x0fffffffff -> 0x1000000000
[    1.845606] brcm-pcie 1000110000.pcie: Forcing gen 2
[    1.850708] brcm-pcie 1000110000.pcie: PCI host bridge to bus 0000:00
[    1.857191] pci_bus 0000:00: Unknown NUMA node; performance will be reduced
[    1.864188] pci_bus 0000:00: root bus resource [bus 00-ff]
[    1.869700] pci_bus 0000:00: root bus resource [mem 0x1b80000000-0x1bffffffff] (bus address [0x80000000-0xffffffff])
[    1.880284] pci_bus 0000:00: root bus resource [mem 0x1800000000-0x1b7fffffff pref] (bus address [0x400000000-0x77fffffff])
[    1.891479] pci 0000:00:00.0: [14e4:2712] type 01 class 0x060400
[    1.897528] pci 0000:00:00.0: PME# supported from D0 D3hot
[    1.903652] pci 0000:00:00.0: bridge configuration invalid ([bus 00-00]), reconfiguring
[    2.018553] brcm-pcie 1000110000.pcie: link up, 5.0 GT/s PCIe x1 (!SSC)
[    2.025216] pci 0000:01:00.0: [1987:5013] type 00 class 0x010802
[    2.031264] pci 0000:01:00.0: reg 0x10: [mem 0x00000000-0x00003fff 64bit]
[    2.038209] pci 0000:01:00.0: 4.000 Gb/s available PCIe bandwidth, limited by 5.0 GT/s PCIe x1 link at 0000:00:00.0 (capable of 15.752 Gb/s with 8.0 GT/s PCIe x2 link)
[    2.062568] pci_bus 0000:01: busn_res: [bus 01-ff] end is updated to 01
[    2.069213] pci 0000:00:00.0: BAR 8: assigned [mem 0x1b80000000-0x1b800fffff]
[    2.076388] pci 0000:01:00.0: BAR 0: assigned [mem 0x1b80000000-0x1b80003fff 64bit]
[    2.084091] pci 0000:00:00.0: PCI bridge to [bus 01]
[    2.089075] pci 0000:00:00.0:   bridge window [mem 0x1b80000000-0x1b800fffff]
[    2.096243] pci 0000:00:00.0: Max Payload Size set to  256/ 512 (was  128), Max Read Rq  512
[    2.104725] pci 0000:01:00.0: Max Payload Size set to  256/ 256 (was  128), Max Read Rq  512
[    2.113247] pcieport 0000:00:00.0: enabling device (0000 -> 0002)
[    2.119390] pcieport 0000:00:00.0: PME: Signaling with IRQ 40
[    2.125212] pcieport 0000:00:00.0: AER: enabled with IRQ 40
[    2.130902] nvme nvme0: pci function 0000:01:00.0
[    2.135633] nvme 0000:01:00.0: enabling device (0000 -> 0002)
[    2.160191] hwmon hwmon1: temp1_input not attached to any thermal zone
[    2.166748] hwmon hwmon1: temp2_input not attached to any thermal zone
[    2.173308] nvme nvme0: failed to allocate host memory buffer.
[    2.180874] nvme nvme0: 4/0/0 default/read/poll queues
[    2.189832]  nvme0n1: p1 p2
[    2.192785] brcm-pcie 1000120000.pcie: host bridge /axi/pcie@120000 ranges:
[    2.199787] brcm-pcie 1000120000.pcie:   No bus range found for /axi/pcie@120000, using [bus 00-ff]
[    2.208875] brcm-pcie 1000120000.pcie:      MEM 0x1f00000000..0x1ffffffffb -> 0x0000000000
[    2.217174] brcm-pcie 1000120000.pcie:      MEM 0x1c00000000..0x1effffffff -> 0x0400000000
[    2.225475] brcm-pcie 1000120000.pcie:   IB MEM 0x1f00000000..0x1f003fffff -> 0x0000000000
[    2.233778] brcm-pcie 1000120000.pcie:   IB MEM 0x0000000000..0x0fffffffff -> 0x1000000000
[    2.243134] brcm-pcie 1000120000.pcie: Forcing gen 2
[    2.248138] brcm-pcie 1000120000.pcie: PCI host bridge to bus 0001:00
[    2.254614] pci_bus 0001:00: Unknown NUMA node; performance will be reduced
[    2.261604] pci_bus 0001:00: root bus resource [bus 00-ff]
[    2.267108] pci_bus 0001:00: root bus resource [mem 0x1f00000000-0x1ffffffffb] (bus address [0x00000000-0xfffffffb])
[    2.277677] pci_bus 0001:00: root bus resource [mem 0x1c00000000-0x1effffffff pref] (bus address [0x400000000-0x6ffffffff])
[    2.288862] pci 0001:00:00.0: [14e4:2712] type 01 class 0x060400
[    2.294904] pci 0001:00:00.0: PME# supported from D0 D3hot
[    2.300995] pci 0001:00:00.0: bridge configuration invalid ([bus 00-00]), reconfiguring
[    2.414555] brcm-pcie 1000120000.pcie: link up, 5.0 GT/s PCIe x4 (!SSC)
[    2.421209] pci 0001:01:00.0: [1de4:0001] type 00 class 0x020000
[    2.427249] pci 0001:01:00.0: reg 0x10: [mem 0xffffc000-0xffffffff]
[    2.433543] pci 0001:01:00.0: reg 0x14: [mem 0xffc00000-0xffffffff]
[    2.439837] pci 0001:01:00.0: reg 0x18: [mem 0xffff0000-0xffffffff]
[    2.446191] pci 0001:01:00.0: supports D1
[    2.450213] pci 0001:01:00.0: PME# supported from D0 D1 D3hot D3cold
[    2.466566] pci_bus 0001:01: busn_res: [bus 01-ff] end is updated to 01
[    2.473216] pci 0001:00:00.0: BAR 8: assigned [mem 0x1f00000000-0x1f005fffff]
[    2.480388] pci 0001:01:00.0: BAR 1: assigned [mem 0x1f00000000-0x1f003fffff]
[    2.487560] pci 0001:01:00.0: BAR 2: assigned [mem 0x1f00400000-0x1f0040ffff]
[    2.494730] pci 0001:01:00.0: BAR 0: assigned [mem 0x1f00410000-0x1f00413fff]
[    2.501896] pci 0001:00:00.0: PCI bridge to [bus 01]
[    2.506878] pci 0001:00:00.0:   bridge window [mem 0x1f00000000-0x1f005fffff]
[    2.514041] pci 0001:00:00.0: Max Payload Size set to  256/ 512 (was  128), Max Read Rq  512
[    2.522520] pci 0001:01:00.0: Max Payload Size set to  256/ 256 (was  128), Max Read Rq  512
[    2.531030] pcieport 0001:00:00.0: enabling device (0000 -> 0002)
[    2.537170] pcieport 0001:00:00.0: PME: Signaling with IRQ 46
[    2.542978] pcieport 0001:00:00.0: AER: enabled with IRQ 46
[    2.548626] rp1 0001:01:00.0: bar0 len 0x4000, start 0x1f00410000, end 0x1f00413fff, flags, 0x40200
[    2.557711] rp1 0001:01:00.0: bar1 len 0x400000, start 0x1f00000000, end 0x1f003fffff, flags, 0x40200
[    2.566974] rp1 0001:01:00.0: enabling device (0000 -> 0002)
[    2.573281] rp1 0001:01:00.0: chip_id 0x20001927
[    2.581963] genirq: irq_chip rp1_irq_chip did not update eff. affinity mask of irq 108
[    2.608482] macb 1f00100000.ethernet eth0: Cadence GEM rev 0x00070109 at 0x1f00100000 irq 114 (d8:3a:dd:e6:3e:9a)
[    2.621603] dw_axi_dmac_platform 1f00188000.dma: DesignWare AXI DMA Controller, 8 channels
[    2.630100] xhci-hcd xhci-hcd.0: xHCI Host Controller
[    2.635191] xhci-hcd xhci-hcd.0: new USB bus registered, assigned bus number 1
[    2.642881] xhci-hcd xhci-hcd.0: hcc params 0x0240fe6d hci version 0x110 quirks 0x0000008000000810
[    2.651888] xhci-hcd xhci-hcd.0: irq 139, io mem 0x1f00200000
[    2.657713] xhci-hcd xhci-hcd.0: xHCI Host Controller
[    2.662782] xhci-hcd xhci-hcd.0: new USB bus registered, assigned bus number 2
[    2.670036] xhci-hcd xhci-hcd.0: Host supports USB 3.0 SuperSpeed
[    2.676187] usb usb1: New USB device found, idVendor=1d6b, idProduct=0002, bcdDevice= 6.06
[    2.684488] usb usb1: New USB device strings: Mfr=3, Product=2, SerialNumber=1
[    2.691738] usb usb1: Product: xHCI Host Controller
[    2.696632] usb usb1: Manufacturer: Linux 6.6.63-v8-16k xhci-hcd
[    2.702659] usb usb1: SerialNumber: xhci-hcd.0
[    2.707209] hub 1-0:1.0: USB hub found
[    2.710979] hub 1-0:1.0: 2 ports detected
[    2.715092] usb usb2: New USB device found, idVendor=1d6b, idProduct=0003, bcdDevice= 6.06
[    2.723391] usb usb2: New USB device strings: Mfr=3, Product=2, SerialNumber=1
[    2.730642] usb usb2: Product: xHCI Host Controller
[    2.735534] usb usb2: Manufacturer: Linux 6.6.63-v8-16k xhci-hcd
[    2.741623] usb usb2: SerialNumber: xhci-hcd.0
[    2.746158] hub 2-0:1.0: USB hub found
[    2.749926] hub 2-0:1.0: 1 port detected
[    2.754075] xhci-hcd xhci-hcd.1: xHCI Host Controller
[    2.759254] xhci-hcd xhci-hcd.1: new USB bus registered, assigned bus number 3
[    2.766939] xhci-hcd xhci-hcd.1: hcc params 0x0240fe6d hci version 0x110 quirks 0x0000008000000810
[    2.776040] xhci-hcd xhci-hcd.1: irq 144, io mem 0x1f00300000
[    2.781865] xhci-hcd xhci-hcd.1: xHCI Host Controller
[    2.786933] xhci-hcd xhci-hcd.1: new USB bus registered, assigned bus number 4
[    2.794283] xhci-hcd xhci-hcd.1: Host supports USB 3.0 SuperSpeed
[    2.800424] usb usb3: New USB device found, idVendor=1d6b, idProduct=0002, bcdDevice= 6.06
[    2.808820] usb usb3: New USB device strings: Mfr=3, Product=2, SerialNumber=1
[    2.816070] usb usb3: Product: xHCI Host Controller
[    2.820963] usb usb3: Manufacturer: Linux 6.6.63-v8-16k xhci-hcd
[    2.827087] usb usb3: SerialNumber: xhci-hcd.1
[    2.831621] hub 3-0:1.0: USB hub found
[    2.835389] hub 3-0:1.0: 2 ports detected
[    2.839499] usb usb4: New USB device found, idVendor=1d6b, idProduct=0003, bcdDevice= 6.06
[    2.847896] usb usb4: New USB device strings: Mfr=3, Product=2, SerialNumber=1
[    2.855165] usb usb4: Product: xHCI Host Controller
[    2.860069] usb usb4: Manufacturer: Linux 6.6.63-v8-16k xhci-hcd
[    2.866208] usb usb4: SerialNumber: xhci-hcd.1
[    2.870782] hub 4-0:1.0: USB hub found
[    2.874546] hub 4-0:1.0: 1 port detected
[    2.879294] bcm2712-iommu 1000005100.iommu: bcm2712_iommu_init: DEBUG_INFO = 0x20804774
[    2.887816] platform 1000800000.codec: bcm2712_iommu_probe_device: MMU 1000005100.iommu
[    2.896004] platform 1000800000.codec: bcm2712_iommu_device_group: MMU 1000005100.iommu
[    2.904065] platform 1000800000.codec: Adding to iommu group 0
[    2.909930] platform 1000880000.pisp_be: bcm2712_iommu_probe_device: MMU 1000005100.iommu
[    2.918333] platform 1000880000.pisp_be: bcm2712_iommu_device_group: MMU 1000005100.iommu
[    2.926558] platform 1000880000.pisp_be: Adding to iommu group 0
[    2.932794] platform 1000800000.codec: bcm2712_iommu_attach_dev: MMU 1000005100.iommu
[    2.940655] platform 1000880000.pisp_be: bcm2712_iommu_attach_dev: MMU 1000005100.iommu
[    2.948882] bcm2712-iommu 1000005100.iommu: bcm2712_iommu_probe: Success
[    2.956045] bcm2712-iommu 1000005200.iommu: bcm2712_iommu_init: DEBUG_INFO = 0x20804774
[    2.964669] platform axi:gpu: bcm2712_iommu_probe_device: MMU 1000005200.iommu
[    2.971933] platform axi:gpu: bcm2712_iommu_device_group: MMU 1000005200.iommu
[    2.979392] platform axi:gpu: Adding to iommu group 1
[    2.984478] platform axi:gpu: bcm2712_iommu_attach_dev: MMU 1000005200.iommu
[    2.991557] bcm2712-iommu 1000005200.iommu: bcm2712_iommu_probe: Success
[    2.998982] bcm2712-iommu 1000005280.iommu: bcm2712_iommu_init: DEBUG_INFO = 0x20804774
[    3.007443] bcm2712-iommu 1000005280.iommu: bcm2712_iommu_probe: Success
[    3.014394] vc4-drm axi:gpu: bcm2712_iommu_of_xlate: MMU 1000005200.iommu
[    3.027294] vc4-drm axi:gpu: bound 107c580000.hvs (ops vc4_hvs_ops)
[    3.037034] Registered IR keymap rc-cec
[    3.040905] rc rc0: vc4-hdmi-0 as /devices/platform/soc/107c701400.hdmi/rc/rc0
[    3.048409] input: vc4-hdmi-0 as /devices/platform/soc/107c701400.hdmi/rc/rc0/input0
[    3.056504] input: vc4-hdmi-0 HDMI Jack as /devices/platform/soc/107c701400.hdmi/sound/card0/input1
[    3.068905] vc4-drm axi:gpu: bound 107c701400.hdmi (ops vc4_hdmi_ops)
[    3.076401] Registered IR keymap rc-cec
[    3.080373] rc rc1: vc4-hdmi-1 as /devices/platform/soc/107c706400.hdmi/rc/rc1
[    3.087756] input: vc4-hdmi-1 as /devices/platform/soc/107c706400.hdmi/rc/rc1/input2
[    3.095963] input: vc4-hdmi-1 HDMI Jack as /devices/platform/soc/107c706400.hdmi/sound/card1/input3
[    3.106787] vc4-drm axi:gpu: bound 107c706400.hdmi (ops vc4_hdmi_ops)
[    3.113423] vc4-drm axi:gpu: bound 107c500000.mop (ops vc4_txp_ops)
[    3.119851] vc4-drm axi:gpu: bound 107c501000.moplet (ops vc4_txp_ops)
[    3.126461] vc4-drm axi:gpu: bound 107c410000.pixelvalve (ops vc4_crtc_ops)
[    3.133574] vc4-drm axi:gpu: bound 107c411000.pixelvalve (ops vc4_crtc_ops)
[    3.141139] [drm] Initialized vc4 0.0.0 20140616 for axi:gpu on minor 0
[    3.150343] vc4-drm axi:gpu: [drm] Cannot find any crtc or sizes
[    3.157068] of_cfs_init
[    3.159541] of_cfs_init: OK
[    3.160627] mmc1: CQHCI version 5.10
[    3.162448] sdhci-brcmstb 1000fff000.mmc: Got CD GPIO
[    3.170076] vc4-drm axi:gpu: [drm] Cannot find any crtc or sizes
[    3.171071] mmc0: CQHCI version 5.10
[    3.179549] vc4-drm axi:gpu: [drm] Cannot find any crtc or sizes
[    3.222309] mmc0: SDHCI controller on 1000fff000.mmc [1000fff000.mmc] using ADMA 64-bit
[    3.365080] mmc1: SDHCI controller on 1001100000.mmc [1001100000.mmc] using ADMA 64-bit
[    3.373171] clk: Disabling unused clocks
[    3.383796] ALSA device list:
[    3.386782]   #0: vc4-hdmi-0
[    3.389667]   #1: vc4-hdmi-1
[    3.390462] mmc0: new ultra high speed SDR104 SDHC card at address 0001
[    3.399225] uart-pl011 107d001000.serial: no DMA platform data
[    3.399328] mmcblk0: mmc0:0001 USD00 28.9 GiB
[    3.405065] mmc1: new ultra high speed DDR50 SDIO card at address 0001
[    3.417567]  mmcblk0: p1 p2
[    3.420436] mmcblk0: mmc0:0001 USD00 28.9 GiB
[    3.461785] EXT4-fs (nvme0n1p2): orphan cleanup on readonly fs
[    3.467706] EXT4-fs (nvme0n1p2): mounted filesystem d4e744e3-3b74-47da-865c-50d6d688b256 ro with ordered data mode. Quota mode: none.
[    3.479782] VFS: Mounted root (ext4 filesystem) readonly on device 259:2.
[    3.486701] devtmpfs: mounted
[    3.492238] Freeing unused kernel memory: 5376K
[    3.496843] Run /sbin/init as init process
[    3.500970]   with arguments:
[    3.500972]     /sbin/init
[    3.500973]   with environment:
[    3.500974]     HOME=/
[    3.500975]     TERM=linux
[    3.500976]     iommu_dma_numa_policy=interleave
[    3.562589] NET: Registered PF_INET6 protocol family
[    3.567840] Segment Routing with IPv6
[    3.571524] In-situ OAM (IOAM) with IPv6
[    3.581988] systemd[1]: systemd 255.21^ running in system mode (-PAM -AUDIT -SELINUX -APPARMOR +IMA -SMACK +SECCOMP -GCRYPT -GNUTLS -OPENSSL +ACL +BLKID -CURL -ELFUTILS -FIDO2 -IDN2 -IDN -IPTC +KMOD -LIBCRYPTSETUP +LIBFDISK -PCRE2 -PWQUALITY -P11KIT -QRENCODE -TPM2 -BZIP2 -LZ4 -XZ -ZLIB +ZSTD -BPF_FRAMEWORK +XKBCOMMON +UTMP +SYSVINIT default-hierarchy=unified)
[    3.614069] systemd[1]: Detected architecture arm64.
[    3.634905] systemd[1]: Hostname set to <raspberrypi5>.
[    3.688110] systemd-sysv-generator[139]: SysV service '/etc/init.d/sshd' lacks a native systemd unit file, automatically generating a unit file for compatibility.
[    3.702712] systemd-sysv-generator[139]: Please update package to include a native systemd unit file.
[    3.711971] systemd-sysv-generator[139]: ! This compatibility logic is deprecated, expect removal soon. !
[    3.722427] systemd-sysv-generator[139]: SysV service '/etc/init.d/resize-rootfs' lacks a native systemd unit file, automatically generating a unit file for compatibility.
[    3.737874] systemd-sysv-generator[139]: Please update package to include a native systemd unit file.
[    3.747175] systemd-sysv-generator[139]: ! This compatibility logic is deprecated, expect removal soon. !
[    3.809768] systemd[1]: Queued start job for default target Multi-User System.
[    3.847115] systemd[1]: Created slice Slice /system/getty.
[    3.866798] systemd[1]: Created slice Slice /system/modprobe.
[    3.886760] systemd[1]: Created slice Slice /system/serial-getty.
[    3.906753] systemd[1]: Created slice Slice /system/wpa_supplicant.
[    3.926684] systemd[1]: Created slice User and Session Slice.
[    3.946636] systemd[1]: Started Dispatch Password Requests to Console Directory Watch.
[    3.970620] systemd[1]: Started Forward Password Requests to Wall Directory Watch.
[    3.994580] systemd[1]: Expecting device /dev/nvme0n1p1...
[    4.014561] systemd[1]: Expecting device /sys/subsystem/net/devices/wlan0...
[    4.038591] systemd[1]: Reached target Path Units.
[    4.058577] systemd[1]: Reached target Remote File Systems.
[    4.078567] systemd[1]: Reached target Slice Units.
[    4.098569] systemd[1]: Reached target Swaps.
[    4.136005] systemd[1]: Listening on RPCbind Server Activation Socket.
[    4.158598] systemd[1]: Reached target RPC Port Mapper.
[    4.178884] systemd[1]: Listening on Syslog Socket.
[    4.198618] systemd[1]: Listening on initctl Compatibility Named Pipe.
[    4.222752] systemd[1]: Listening on Journal Audit Socket.
[    4.242641] systemd[1]: Listening on Journal Socket (/dev/log).
[    4.262655] systemd[1]: Listening on Journal Socket.
[    4.282682] systemd[1]: Listening on Network Service Netlink Socket.
[    4.303408] systemd[1]: Listening on udev Control Socket.
[    4.322637] systemd[1]: Listening on udev Kernel Socket.
[    4.342640] systemd[1]: Listening on User Database Manager Socket.
[    4.362675] systemd[1]: Huge Pages File System was skipped because of an unmet condition check (ConditionPathExists=/sys/kernel/mm/hugepages).
[    4.394624] systemd[1]: Mounting POSIX Message Queue File System...
[    4.415148] systemd[1]: Mounting Kernel Debug File System...
[    4.421549] systemd[1]: Mounting Kernel Trace File System...
[    4.439409] systemd[1]: Mounting Temporary Directory /tmp...
[    4.479363] systemd[1]: Starting Create List of Static Device Nodes...
[    4.486703] systemd[1]: Starting Load Kernel Module configfs...
[    4.507381] systemd[1]: Starting Load Kernel Module drm...
[    4.527417] systemd[1]: Starting Load Kernel Module fuse...
[    4.547576] systemd[1]: Starting RPC Bind...
[    4.563332] systemd[1]: Starting File System Check on Root Device...
[    4.572181] fuse: init (API version 7.39)
[    4.583914] systemd[1]: Starting Journal Service...
[    4.602957] systemd[1]: Load Kernel Modules was skipped because no trigger condition checks were met.
[    4.615439] systemd[1]: Starting Generate network units from Kernel command line...
[    4.628602] systemd[1]: Starting Apply Kernel Variables...
[    4.642785] systemd[1]: Starting Coldplug All udev Devices...
[    4.651416] systemd[1]: Started RPC Bind.
[    4.654364] systemd-journald[160]: Collecting audit messages is enabled.
[    4.666068] systemd[1]: Mounted POSIX Message Queue File System.
[    4.674914] systemd[1]: Mounted Kernel Debug File System.
[    4.683205] systemd[1]: Mounted Kernel Trace File System.
[    4.691546] systemd[1]: Started Journal Service.
[    4.888584] EXT4-fs (nvme0n1p2): re-mounted d4e744e3-3b74-47da-865c-50d6d688b256 r/w. Quota mode: none.
[    4.937971] systemd-journald[160]: Received client request to flush runtime journal.
[    5.058918] audit: type=1334 audit(1781995612.875:2): prog-id=6 op=LOAD
[    5.065585] audit: type=1334 audit(1781995612.883:3): prog-id=7 op=LOAD
[    5.119646] audit: type=1334 audit(1781995612.935:4): prog-id=8 op=LOAD
[    5.126311] audit: type=1334 audit(1781995612.939:5): prog-id=9 op=LOAD
[    5.132956] audit: type=1334 audit(1781995612.947:6): prog-id=10 op=LOAD
[    5.221437] audit: type=1334 audit(1781995613.035:7): prog-id=11 op=LOAD
[    5.247188] rpi-gpiomem 107d508500.gpiomem: window base 0x107d508500 size 0x00000040
[    5.255818] rpi-gpiomem 107d508500.gpiomem: initialised 1 regions as /dev/gpiomem1
[    5.256036] rp1-firmware rp1_firmware: RP1 Firmware version 23fca1cd776798b50bd3e640ecb242215778e7f8
[    5.266034] rpi-gpiomem 107d517c00.gpiomem: window base 0x107d517c00 size 0x00000040
[    5.286900] rpi-gpiomem 107d517c00.gpiomem: initialised 1 regions as /dev/gpiomem2
[    5.295027] rpi-gpiomem 107d504100.gpiomem: window base 0x107d504100 size 0x00000020
[    5.296018] rp1-pio 1f00178000.pio: Created instance as pio0
[    5.304417] rpi-gpiomem 107d504100.gpiomem: initialised 1 regions as /dev/gpiomem3
[    5.317315] input: pwr_button as /devices/platform/pwr_button/input/input4
[    5.334956] rpi-gpiomem 107d510700.gpiomem: window base 0x107d510700 size 0x00000020
[    5.347749] rpi-gpiomem 107d510700.gpiomem: initialised 1 regions as /dev/gpiomem4
[    5.360281] rpi-gpiomem 1f000d0000.gpiomem: window base 0x1f000d0000 size 0x00030000
[    5.360347] [drm] Initialized v3d 1.0.0 20180419 for 1002000000.v3d on minor 1
[    5.382461] rpi-gpiomem 1f000d0000.gpiomem: initialised 1 regions as /dev/gpiomem0
[    5.393206] cfg80211: Loading compiled-in X.509 certificates for regulatory database
[    5.409343] mc: Linux media interface: v0.10
[    5.414399] Loaded X.509 cert 'benh@debian.org: 577e021cb980e0e820821ba7b54b4961b8b4fadf'
[    5.422910] Loaded X.509 cert 'romain.perier@gmail.com: 3abbc6ec146e09d1b6016ab9d6cf71dd233f0328'
[    5.432058] Loaded X.509 cert 'sforshee: 00b28ddf47aef9cea7'
[    5.438045] Loaded X.509 cert 'wens: 61c038651aabdcf94bd0ac7ff06c7248db18c600'
[    5.452092] videodev: Linux video capture interface: v2.00
[    5.468284] pispbe 1000880000.pisp_be: bcm2712_iommu_of_xlate: MMU 1000005100.iommu
[    5.469890] macb 1f00100000.ethernet eth0: PHY [1f00100000.ethernet-ffffffff:01] driver [Broadcom BCM54213PE] (irq=POLL)
[    5.472433] rpivid_hevc: module is from the staging directory, the quality is unknown, you have been warned.
[    5.498891] pispbe 1000880000.pisp_be: Runtime PM usage count underflow!
[    5.502585] macb 1f00100000.ethernet eth0: configuring for phy/rgmii-id link mode
[    5.516520] brcmfmac: F1 signature read @0x18000000=0x15264345
[    5.517908] brcmfmac: brcmf_fw_alloc_request: using brcm/brcmfmac43455-sdio for chip BCM4345/6
[    5.518674] rpivid 1000800000.codec: bcm2712_iommu_of_xlate: MMU 1000005100.iommu
[    5.518770] Bluetooth: Core ver 2.22
[    5.518803] NET: Registered PF_BLUETOOTH protocol family
[    5.518804] Bluetooth: HCI device and connection manager initialized
[    5.518810] Bluetooth: HCI socket layer initialized
[    5.518814] Bluetooth: L2CAP socket layer initialized
[    5.518817] Bluetooth: SCO socket layer initialized
[    5.534211] pps pps0: new PPS source ptp0
[    5.537066] usbcore: registered new interface driver brcmfmac
[    5.559552] rpivid 1000800000.codec: Device registered as /dev/video19
[    5.564375] macb 1f00100000.ethernet: gem-ptp-timer ptp clock registered.
[    5.575636] Bluetooth: HCI UART driver ver 2.3
[    5.592322] Bluetooth: HCI UART protocol H4 registered
[    5.597570] Bluetooth: HCI UART protocol Three-wire (H5) registered
[    5.606873] hci_uart_bcm serial0-0: supply vbat not found, using dummy regulator
[    5.610808] Bluetooth: HCI UART protocol Broadcom registered
[    5.616281] hci_uart_bcm serial0-0: supply vddio not found, using dummy regulator
[    5.684755] FAT-fs (nvme0n1p1): Volume was not properly unmounted. Some data may be corrupt. Please run fsck.
[    5.779747] audit: type=1334 audit(1781995613.595:8): prog-id=12 op=LOAD
[    5.799174] audit: type=1334 audit(1781995613.615:9): prog-id=13 op=LOAD
[    5.877088] brcmfmac: brcmf_c_process_txcap_blob: no txcap_blob available (err=-2)
[    5.884954] brcmfmac: brcmf_c_preinit_dcmds: Firmware: BCM4345/6 wl0: Aug 29 2023 01:47:08 version 7.45.265 (28bca26 CY) FWID 01-b677b91b
[    5.947027] brcmfmac: brcmf_cfg80211_set_power_mgmt: power save enabled
[    5.990987] Bluetooth: hci0: BCM: chip id 107
[    5.995577] Bluetooth: hci0: BCM: features 0x2f
[    6.001239] Bluetooth: hci0: BCM4345C0
[    6.005000] Bluetooth: hci0: BCM4345C0 (003.001.025) build 0000
[    6.011329] Bluetooth: hci0: BCM4345C0 'brcm/BCM4345C0.hcd' Patch
[    6.455859] audit: type=1334 audit(1781995614.271:10): prog-id=14 op=LOAD
[    6.462690] audit: type=1334 audit(1781995614.279:11): prog-id=15 op=LOAD
[    6.469540] audit: type=1334 audit(1781995614.283:12): prog-id=16 op=LOAD
[    6.683173] Bluetooth: hci0: BCM: features 0x2f
[    6.689071] Bluetooth: hci0: BCM43455 37.4MHz Raspberry Pi 3+-0190
[    6.695278] Bluetooth: hci0: BCM4345C0 (003.001.025) build 0382
[    6.701503] Bluetooth: hci0: BCM: Using default device address (43:45:c0:00:1f:ac)
[    6.816588] Bluetooth: BNEP (Ethernet Emulation) ver 1.3
[    6.823611] Bluetooth: BNEP filters: protocol multicast
[    6.828862] Bluetooth: BNEP socket layer initialized
[    6.834957] Bluetooth: MGMT ver 1.22
[    6.841181] NET: Registered PF_ALG protocol family
[    6.920067] audit: type=1334 audit(1781995614.735:13): prog-id=17 op=LOAD
[    6.926915] audit: type=1334 audit(1781995614.743:14): prog-id=18 op=LOAD
[    6.933753] audit: type=1334 audit(1781995614.747:15): prog-id=19 op=LOAD
